2026-02-27 04:57:38,441 - INFO - Starting mapping process.
2026-02-27 04:57:38,458 - INFO - Mapping completed.
2026-02-27 04:58:04,263 - INFO - Starting mapping process.
2026-02-27 04:58:04,271 - INFO - Mapping completed.
2026-02-27 04:58:10,805 - INFO - Starting mapping process.
2026-02-27 04:58:11,691 - INFO - IE00BCRY6557 -> ERN1.L [VALID]
2026-02-27 04:58:13,077 - INFO - IE00B14X4Q57 -> IBGS.SW [VALID]
2026-02-27 04:58:14,948 - INFO - IE00B1FZS681 -> IBGX.SW [VALID]
2026-02-27 04:58:16,443 - INFO - IE00B4WXJG34 -> IBGY.L [VALID]
2026-02-27 04:58:18,205 - INFO - IE00B4WXJJ64 -> SEGA.L [VALID]
2026-02-27 04:58:24,722 - INFO - LU0290355717 -> None [INVALID]
2026-02-27 04:58:26,075 - INFO - IE00B1FZS806 -> IBGM.L [VALID]
2026-02-27 04:58:27,635 - INFO - IE00BSKRJX20 -> 020Y.L [VALID]
2026-02-27 04:58:28,949 - INFO - LU2244387457 -> GEMU.PA [VALID]
2026-02-27 04:58:30,430 - INFO - LU0290357846 -> DBXG.DE [VALID]
2026-02-27 04:58:36,454 - INFO - LU0290357259 -> None [INVALID]
2026-02-27 04:58:43,526 - INFO - IE00B6X2VY59 -> None [INVALID]
2026-02-27 04:58:49,183 - INFO - IE00B3B8Q275 -> None [INVALID]
2026-02-27 04:58:50,618 - INFO - LU1681039647 -> CC4.PA [VALID]
2026-02-27 04:58:51,973 - INFO - IE00B3F81R35 -> IEAC.L [VALID]
2026-02-27 04:58:53,175 - INFO - IE00B4L60045 -> IE15.L [VALID]
2026-02-27 04:58:54,528 - INFO - IE00BYZTVV78 -> SUSS.L [VALID]
2026-02-27 04:58:56,200 - INFO - FR0010807107 -> 0P0000MOEG.F [VALID]
2026-02-27 04:58:57,648 - INFO - FR0013277571 -> 0P0001BNA9.F [VALID]
2026-02-27 04:58:59,315 - INFO - LU2533811910 -> SRIUD.PA [VALID]
2026-02-27 04:59:00,825 - INFO - IE00BYZTVT56 -> SUOE.L [VALID]
2026-02-27 04:59:02,088 - ERROR - $IE000UX5WPU4.SG: possibly delisted; no price data found  (period=5d)
2026-02-27 04:59:02,088 - ERROR - 
1 Failed download:
2026-02-27 04:59:02,088 - ERROR - ['IE000UX5WPU4.SG']: possibly delisted; no price data found  (period=5d)
2026-02-27 04:59:02,093 - INFO - IE000UX5WPU4 -> None [INVALID]
2026-02-27 04:59:03,896 - INFO - IE00BZ163G84 -> VECP.SW [VALID]
2026-02-27 04:59:05,651 - INFO - IE00B3DKXQ41 -> SEAG.L [VALID]
2026-02-27 04:59:07,275 - INFO - IE00B0M62X26 -> IBCI.L [VALID]
2026-02-27 04:59:08,756 - INFO - LU1681046261 -> CB3.PA [VALID]
2026-02-27 04:59:10,182 - INFO - LU2533810862  -> GEU3C.PA [VALID]
2026-02-27 04:59:11,827 - INFO - IE00B4WXJH41 -> IBGZ.MI [VALID]
2026-02-27 04:59:13,146 - INFO - LU2616774076 -> BJLJ.DE [VALID]
2026-02-27 04:59:14,491 - INFO - IE00B5M4WH52  -> IEML.L [VALID]
2026-02-27 04:59:16,223 - INFO - IE00B6TLBW47 -> EMCP.L [VALID]
2026-02-27 04:59:17,830 - INFO - IE00B14X4S71  -> IBTS.L [VALID]
2026-02-27 04:59:19,804 - INFO - IE00B1FZS798 -> IBTM.SW [VALID]
2026-02-27 04:59:21,560 - ERROR - $IE00BGPP6473.SG: possibly delisted; no price data found  (period=5d)
2026-02-27 04:59:21,564 - ERROR - 
1 Failed download:
2026-02-27 04:59:21,564 - ERROR - ['IE00BGPP6473.SG']: possibly delisted; no price data found  (period=5d)
2026-02-27 04:59:21,567 - INFO - IE00BGPP6473 -> None [INVALID]
2026-02-27 04:59:23,301 - INFO - IE00BM97MR69 -> XT01.L [VALID]
2026-02-27 04:59:24,625 - INFO - LU1399300455 -> 0E5H.IL [VALID]
2026-02-27 04:59:30,589 - INFO - LU0290357929  
 -> None [INVALID]
2026-02-27 04:59:36,132 - INFO - IE000GUOATN7 -> None [INVALID]
2026-02-27 04:59:37,752 - ERROR - $IE000WA6L436.SG: possibly delisted; no price data found  (period=5d)
2026-02-27 04:59:37,756 - ERROR - 
1 Failed download:
2026-02-27 04:59:37,756 - ERROR - ['IE000WA6L436.SG']: possibly delisted; no price data found  (period=5d)
2026-02-27 04:59:37,762 - INFO - IE000WA6L436 -> None [INVALID]
2026-02-27 04:59:38,992 - INFO - IE000ZOI8OK5 -> IB27.PA [VALID]
2026-02-27 04:59:40,664 - ERROR - $IE0008UEVOE0.SG: possibly delisted; no price data found  (period=5d)
2026-02-27 04:59:40,672 - ERROR - 
1 Failed download:
2026-02-27 04:59:40,672 - ERROR - ['IE0008UEVOE0.SG']: possibly delisted; no price data found  (period=5d)
2026-02-27 04:59:40,675 - INFO - IE0008UEVOE0  -> None [INVALID]
2026-02-27 04:59:42,228 - INFO - IE00B66F4759 -> SHYG.L [VALID]
2026-02-27 04:59:43,792 - INFO - LU2244386053 -> HYSRI.PA [VALID]
2026-02-27 04:59:45,076 - ERROR - $IE0006YM7D84.SG: possibly delisted; no price data found  (period=5d)
2026-02-27 04:59:45,076 - ERROR - 
1 Failed download:
2026-02-27 04:59:45,077 - ERROR - ['IE0006YM7D84.SG']: possibly delisted; no price data found  (period=5d)
2026-02-27 04:59:45,080 - INFO - IE0006YM7D84 -> None [INVALID]
2026-02-27 04:59:46,688 - INFO - FR0007052782 -> CAC.PA [VALID]
2026-02-27 04:59:48,005 - INFO - FR0013380607 -> CACC.PA [VALID]
2026-02-27 04:59:55,648 - INFO - FR0010591362 -> SHC.PA [VALID]
2026-02-27 04:59:57,288 - INFO - LU0274211480 -> DBXD.DE [VALID]
2026-02-27 04:59:58,657 - INFO - FR0007054358 -> MSE.PA [VALID]
2026-02-27 05:00:04,683 - INFO - DE000A0D8Q07 -> None [INVALID]
2026-02-27 05:00:06,085 - INFO - IE000FF2EBQ8 -> ENG.PA [VALID]
2026-02-27 05:00:07,925 - INFO - FR0010150458 -> E40.PA [VALID]
2026-02-27 05:00:09,364 - INFO - FR0011550193 -> ETSZ.DE [VALID]
2026-02-27 05:00:11,101 - INFO - IE00BFMNHK08 -> XZEU.DE [VALID]
2026-02-27 05:00:12,578 - INFO - FR0012739431 -> ETDD.PA [VALID]
2026-02-27 05:00:14,189 - INFO - IE00B86MWN23 -> IMV.L [VALID]
2026-02-27 05:00:15,560 - INFO - LU1377382368 -> ECN.PA [VALID]
2026-02-27 05:00:17,085 - INFO - IE00B52VJ196 -> IESG.L [VALID]
2026-02-27 05:00:18,590 - INFO - FR0010261198 -> MEU.PA [VALID]
2026-02-27 05:00:20,128 - INFO - LU1861137484 -> MIVB.DE [VALID]
2026-02-27 05:00:21,649 - INFO - DE0005933998 -> EXSD.DE [VALID]
2026-02-27 05:00:23,125 - INFO - IE00B9MRHC27 -> XDN0.L [VALID]
2026-02-27 05:00:24,913 - INFO - FR0011261197 -> 0P00017SX2.F [VALID]
2026-02-27 05:00:26,493 - INFO -  FR0010321810 -> EHQ3.F [VALID]
2026-02-27 05:00:28,161 - INFO - FR0000295230 -> 0P00000PM8.F [VALID]
2026-02-27 05:00:29,547 - INFO - DE000A0F5UK5 -> EXV6.DE [VALID]
2026-02-27 05:00:30,795 - INFO - LU1291098827 -> EEMU.PA [VALID]
2026-02-27 05:00:32,153 - INFO - LU2446381555 -> BIODV.PA [VALID]
2026-02-27 05:00:37,849 - INFO - IE00B3VWMM18 -> None [INVALID]
2026-02-27 05:00:39,410 - INFO - IE00BHZPJ015  -> EDM4.DE [VALID]
2026-02-27 05:00:40,846 - INFO - LU0261948904 -> FJR7.MU [VALID]
2026-02-27 05:00:42,646 - INFO - LU0048581077 -> FJRK.F [VALID]
2026-02-27 05:00:49,580 - INFO - LU0322253906 -> None [INVALID]
2026-02-27 05:00:50,989 - INFO - FR0010315770 -> WLD.PA [VALID]
2026-02-27 05:00:52,609 - INFO - IE00BZ02LR44  -> XZW0.DE [VALID]
2026-02-27 05:00:54,043 - INFO - LU1829220216 -> LYY0.DE [VALID]
2026-02-27 05:00:55,850 - INFO - IE000W8HP9L8 -> WEMT2.PA [VALID]
2026-02-27 05:00:57,656 - INFO - IE00BYX2JD69 -> SUSW.L [VALID]
2026-02-27 05:00:59,220 - INFO - LU1953136527 -> REUSE.MI [VALID]
2026-02-27 05:01:00,944 - ERROR - $IE000Y77LGG9.SG: possibly delisted; no price data found  (period=5d)
2026-02-27 05:01:00,945 - ERROR - 
1 Failed download:
2026-02-27 05:01:00,945 - ERROR - ['IE000Y77LGG9.SG']: possibly delisted; no price data found  (period=5d)
2026-02-27 05:01:00,949 - INFO - IE000Y77LGG9 -> None [INVALID]
2026-02-27 05:01:02,633 - INFO - LU0533033667 -> TNOW.PA [VALID]
2026-02-27 05:01:03,922 - INFO - IE000CL68Z69 -> PABW.DE [VALID]
2026-02-27 05:01:05,554 - INFO - LU2194447293 -> BLUE.PA [VALID]
2026-02-27 05:01:07,232 - ERROR - $IE00BMVB5R75.SG: possibly delisted; no price data found  (period=5d)
2026-02-27 05:01:07,238 - ERROR - 
1 Failed download:
2026-02-27 05:01:07,238 - ERROR - ['IE00BMVB5R75.SG']: possibly delisted; no price data found  (period=5d)
2026-02-27 05:01:07,243 - INFO - IE00BMVB5R75  -> None [INVALID]
2026-02-27 05:01:08,809 - ERROR - $IE00BMVB5P51.SG: possibly delisted; no price data found  (period=5d)
2026-02-27 05:01:08,811 - ERROR - 
1 Failed download:
2026-02-27 05:01:08,811 - ERROR - ['IE00BMVB5P51.SG']: possibly delisted; no price data found  (period=5d)
2026-02-27 05:01:08,815 - INFO - IE00BMVB5P51 -> None [INVALID]
2026-02-27 05:01:10,087 - ERROR - $IE00BMVB5M21.SG: possibly delisted; no price data found  (period=5d)
2026-02-27 05:01:10,093 - ERROR - 
1 Failed download:
2026-02-27 05:01:10,093 - ERROR - ['IE00BMVB5M21.SG']: possibly delisted; no price data found  (period=5d)
2026-02-27 05:01:10,097 - INFO - IE00BMVB5M21 -> None [INVALID]
2026-02-27 05:01:11,523 - INFO - FR0000284689 -> CL54.F [VALID]
2026-02-27 05:01:13,104 - INFO - LU2358389745 -> 0P0001OFTX.F [VALID]
2026-02-27 05:01:14,676 - INFO - LU0260869739 -> FLX6.MU [VALID]
2026-02-27 05:01:16,035 - INFO - FR0007056841 -> DJE.MI [VALID]
2026-02-27 05:01:17,814 - INFO - LU1135865084 -> SP5C.PA [VALID]
2026-02-27 05:01:19,222 - INFO - FR0013041530 -> ESEH.PA [VALID]
2026-02-27 05:01:20,760 - INFO - LU0496786574 -> LYPS.DE [VALID]
2026-02-27 05:01:22,202 - INFO - LU1829221024 -> NASD.L [VALID]
2026-02-27 05:01:23,561 - INFO - IE00B14X4M10 -> INAA.SW [VALID]
2026-02-27 05:01:24,904 - INFO - IE00BJZ2DC62 -> XRSM.DE [VALID]
2026-02-27 05:01:26,495 - ERROR - $IE000R85HL30.SG: possibly delisted; no price data found  (period=5d)
2026-02-27 05:01:26,497 - ERROR - 
1 Failed download:
2026-02-27 05:01:26,497 - ERROR - ['IE000R85HL30.SG']: possibly delisted; no price data found  (period=5d)
2026-02-27 05:01:26,503 - INFO - IE000R85HL30 -> None [INVALID]
2026-02-27 05:01:28,228 - INFO - LU1659681586 -> EKLDC.PA [VALID]
2026-02-27 05:01:34,904 - INFO - (royaume uni) -> None [INVALID]
2026-02-27 05:01:36,189 - INFO - LU0292097747 -> XASX.L [VALID]
2026-02-27 05:01:37,669 - INFO - IE00B42Z5J44 -> IJPE.L [VALID]
2026-02-27 05:01:44,327 - INFO - IE00B02KXH56 -> None [INVALID]
2026-02-27 05:01:45,757 - INFO - LU1681044480 -> AASI.PA [VALID]
2026-02-27 05:01:46,960 - ERROR - $LU2233156749.SG: possibly delisted; no price data found  (period=5d)
2026-02-27 05:01:46,960 - ERROR - 
1 Failed download:
2026-02-27 05:01:46,961 - ERROR - ['LU2233156749.SG']: possibly delisted; no price data found  (period=5d)
2026-02-27 05:01:46,966 - INFO - LU2233156749 -> None [INVALID]
2026-02-27 05:01:48,221 - INFO - LU1291102447 -> 0E4H.IL [VALID]
2026-02-27 05:01:49,905 - INFO - LU0839027447 -> XDJP.DE [VALID]
2026-02-27 05:01:51,443 - INFO - IE00BHZPJ452 -> EDMJ.DE [VALID]
2026-02-27 05:01:52,756 - INFO - LU1291106356 -> EPEJ.PA [VALID]
2026-02-27 05:01:54,475 - INFO - LU0514695690  -> LG9.SI [VALID]
2026-02-27 05:01:56,049 - INFO - FR0011869320 -> PINR.PA [VALID]
2026-02-27 05:01:57,683 - INFO - IE00BKM4GZ66 -> EIMI.L [VALID]
2026-02-27 05:01:59,467 - INFO - IE00B1W57M07 -> IQQ9.DE [VALID]
2026-02-27 05:02:00,814 - INFO - IE00B27YCK28 -> DLTM.L [VALID]
2026-02-27 05:02:02,371 - INFO - LU1861138961 -> EMSRI.PA [VALID]
2026-02-27 05:02:03,773 - INFO - IE00BMG6Z448 -> EXCH.AS [VALID]
2026-02-27 05:02:05,479 - INFO - IE00BG370F43 -> XZEM.L [VALID]
2026-02-27 05:02:07,208 - INFO - LU1291097779 -> EEMK.PA [VALID]
2026-02-27 05:02:08,586 - INFO - IE00B1FZS350 -> IWDP.L [VALID]
2026-02-27 05:02:10,263 - INFO - LU0489337690 -> XDER.L [VALID]
2026-02-27 05:02:12,035 - INFO - IE00B1XNHC34 -> INRG.L [VALID]
2026-02-27 05:02:13,452 - INFO - FR0010527275 -> WAT.PA [VALID]
2026-02-27 05:02:14,708 - INFO - IE000I8KRLL9 -> SEMI.AS [VALID]
2026-02-27 05:02:16,190 - INFO - IE00B6R51Z18 -> SPOG.L [VALID]
2026-02-27 05:02:17,693 - INFO - IE00B6R52143 -> ISAG.L [VALID]
2026-02-27 05:02:18,913 - INFO - IE00BG0J4C88 -> LOCK.L [VALID]
2026-02-27 05:02:20,374 - INFO - LU0159052710 -> BBL1.MU [VALID]
2026-02-27 05:02:21,998 - INFO - IE00BGV5VN51 -> XAIX.DE [VALID]
2026-02-27 05:02:23,192 - INFO - IE00BYZK4552 -> RBOT.L [VALID]
2026-02-27 05:02:24,930 - INFO - LU0292103222 -> XSDR.L [VALID]
2026-02-27 05:02:26,681 - INFO - LU0292105359 -> XS3R.L [VALID]
2026-02-27 05:02:27,729 - INFO - Mapping completed.
2026-03-02 01:24:05,585 - INFO - Starting mapping process.
2026-03-02 01:24:05,600 - INFO - Mapping completed.
2026-03-02 01:26:42,730 - INFO - Starting mapping process.
2026-03-02 01:26:42,744 - INFO - Mapping completed.
